// Jest Snapshot v1, https://goo.gl/fbAQLP

exports[`header Layout Component render correctly 1`] = `
<Provider
  store={
    Object {
      "dispatch": [Function],
      "getState": [Function],
      "replaceReducer": [Function],
      "subscribe": [Function],
      Symbol(observable): [Function],
    }
  }
>
  <ConnectFunction />
</Provider>
`;

exports[`header Layout Container render correctly 1`] = `
<React.Suspense
  fallback={
    <div>
      Loading...
    </div>
  }
>
  <React.Lazy />
</React.Suspense>
`;
